{
  "//": {
    "metadata": {
      "version": "stubbed",
      "stackName": "csharp-simple"
    }
  },
  "terraform": {
    "required_providers": {
      "aws": {
        "version": "~> 2.0",
        "source": "aws"
      }
    }
  },
  "provider": {
    "aws": [
      {
        "region": "eu-central-1"
      }
    ]
  },
  "resource": {
    "aws_sns_topic": {
      "Topic": {
        "display_name": "my-first-sns-topic",
        "//": {
          "metadata": {
            "path": "csharp-simple/Topic",
            "uniqueId": "Topic"
          }
        }
      }
    }
  }
}